2026-04-20 08:34:07,142 [INFO] engine.crash_handler: Crash handler installed.
2026-04-20 08:34:12,921 [INFO] engine.session_manager: SessionManager started (interval=60s).
2026-04-20 08:34:34,628 [INFO] engine.crash_handler: Crash handler installed.
2026-04-20 08:34:36,305 [INFO] engine.session_manager: SessionManager started (interval=60s).
2026-04-20 08:34:38,975 [INFO] engine.crash_handler: Crash handler installed.
2026-04-20 08:34:42,686 [INFO] engine.session_manager: SessionManager started (interval=60s).
2026-04-20 10:02:38,921 [INFO] engine.crash_handler: Crash handler installed.
2026-04-20 10:02:49,144 [INFO] engine.session_manager: SessionManager started (interval=60s).
2026-04-20 10:03:08,919 [INFO] engine.crash_handler: Crash log written: logs\crash_20260420_070308.log
2026-04-20 10:03:49,151 [DEBUG] engine.session_manager: Auto-saved session → .Recovery\autosave_20260420_070349.Game
2026-04-20 10:04:28,290 [INFO] engine.session_manager: Recovery file removed (clean shutdown).
2026-04-20 10:08:43,530 [INFO] engine.crash_handler: Crash handler installed.
2026-04-20 10:08:50,423 [INFO] engine.session_manager: SessionManager started (interval=60s).
2026-04-20 13:38:47,504 [INFO] engine.crash_handler: Crash handler installed.
2026-04-20 13:41:54,845 [INFO] engine.session_manager: SessionManager started (interval=60s).
2026-04-20 13:41:59,384 [INFO] engine.crash_handler: Crash log written: logs\crash_20260420_104159.log
2026-04-23 18:19:54,455 [INFO] engine.crash_handler: Crash handler installed.
2026-04-23 18:21:50,924 [INFO] engine.crash_handler: Crash handler installed.
2026-04-23 21:51:11,062 [INFO] engine.crash_handler: Crash handler installed.
2026-04-24 05:16:53,170 [INFO] engine.crash_handler: Crash handler installed.
2026-04-27 16:13:41,534 [INFO] engine.crash_handler: Crash handler installed.
2026-04-27 16:19:33,964 [INFO] engine.crash_handler: Crash handler installed.
2026-04-27 16:19:56,349 [DEBUG] asyncio: Using proactor: IocpProactor
2026-04-27 16:19:56,351 [INFO] engine.core.project_secure: Created project: NewGame (5fdd64a8313227ccfb64ff5bdf9a8ac5)
2026-04-27 16:19:56,352 [DEBUG] engine.core.node_base: Node 'MainSceneRoot' created with uid GE-NOD-69ef627c-4376fc
2026-04-27 16:19:56,352 [INFO] engine.core.scene: Scene 'MainScene' created with id c41395cf-545d-4a67-9a7a-7f36e40e7571
2026-04-27 16:19:56,352 [INFO] engine.core.project_secure: Created scene: MainScene (c41395cf-545d-4a67-9a7a-7f36e40e7571)
2026-04-27 16:19:56,447 [INFO] engine.session_manager: SessionManager started (interval=60s).
2026-04-27 16:20:08,819 [INFO] engine.tools.pixel_art_editor.main_editor: Initializing PixelArtEditor with canvas 64x64
2026-04-27 16:20:08,942 [INFO] engine.crash_handler: Crash log written: logs\crash_20260427_132008.log
